✔ [3262/3547] Built FourRow.LookupTree (1.6s)
✔ [3263/3547] Built FourRow.PolynomialCertificate (10s)
✔ [3264/3547] Built FourRow.Circuit (13s)
✔ [3265/3547] Built FourRow.Finite (22s)
⚠ [3266/3547] Built FourRow.Census (18s)
warning: FourRow/Census.lean:72:0: automatically included section variable(s) unused in theorem `FourRow.Census.integer_left_inverse`:
  [DecidableEq κ]
consider restructuring your `variable` declarations so that the variables are not in scope or explicitly omit them:
  omit [DecidableEq κ] in theorem ...

Note: This linter can be disabled with `set_option linter.unusedSectionVars false`
✔ [3267/3547] Built FourRow.Definitions (19s)
✔ [3268/3547] Built FourRow.Uniform (43s)
✔ [3269/3547] Built FourRow.Entropy (22s)
✔ [3270/3547] Built FourRow.Relabel (25s)
✔ [3271/3547] Built FourRow.Stability (22s)
✔ [3272/3547] Built FourRow.GramData (47s)
✔ [3273/3547] Built FourRow.CensusRelabel (18s)
✔ [3274/3547] Built FourRow.Symmetry (22s)
✔ [3275/3547] Built FourRow.Equality (26s)
✔ [3276/3547] Built FourRow.Exponent (46s)
✔ [3277/3547] Built FourRow.Endpoint (33s)
✔ [3278/3547] Built FourRow.NormMonotonicity (32s)
✔ [3279/3547] Built FourRow.Tensorization (33s)
✔ [3280/3547] Built FourRow.EntropyExponent (33s)
✔ [3281/3547] Built FourRow.OrbitTransfer (25s)
✔ [3282/3547] Built FourRow.Normalization (28s)
✔ [3283/3547] Built FourRow.EqualityEndpoint (15s)
✔ [3284/3547] Built FourRow.GramBridge (129s)
✔ [3285/3547] Built FourRow.Sharpness (164s)
✔ [3286/3547] Built FourRow.SharpEntropy (10s)
✔ [3287/3547] Built FourRow.SharpExponent (10s)
✔ [3288/3547] Built FourRow.Grams.G000 (206s)
✔ [3289/3547] Built FourRow.Grams.G065 (210s)
✔ [3290/3547] Built FourRow.ExtremalFamily (17s)
✔ [3291/3547] Built FourRow.Grams.G001 (78s)
✔ [3292/3547] Built FourRow.Grams.G066 (79s)
✔ [3293/3547] Built FourRow.CensusTableData (330s)
✔ [3294/3547] Built FourRow.CensusMask (7.4s)
✔ [3295/3547] Built FourRow.CensusWitnessData (6.9s)
✔ [3296/3547] Built FourRow.Grams.G002 (83s)
✔ [3297/3547] Built FourRow.CensusTableChecks.Action00 (28s)
✔ [3298/3547] Built FourRow.Grams.G067 (88s)
✔ [3299/3547] Built FourRow.CensusTableChecks.Action01 (33s)
✔ [3300/3547] Built FourRow.CensusTableChecks.Action02 (57s)
✔ [3301/3547] Built FourRow.Grams.G003 (110s)
✔ [3302/3547] Built FourRow.Grams.G068 (107s)
✔ [3303/3547] Built FourRow.CensusTableChecks.Action03 (34s)
✔ [3304/3547] Built FourRow.CensusTableChecks.Action04 (59s)
✔ [3305/3547] Built FourRow.CensusTableChecks.Action05 (54s)
✔ [3306/3547] Built FourRow.CensusTableChecks.Action06 (13s)
✔ [3307/3547] Built FourRow.Grams.G004 (149s)
✔ [3308/3547] Built FourRow.CensusTableChecks.Action07 (26s)
✔ [3309/3547] Built FourRow.Grams.G069 (172s)
✔ [3310/3547] Built FourRow.CensusTableChecks.Action08 (29s)
✔ [3311/3547] Built FourRow.Grams.G005 (82s)
✔ [3312/3547] Built FourRow.CensusTableChecks.Action09 (37s)
✔ [3313/3547] Built FourRow.CensusTableChecks.Action10 (32s)
✔ [3314/3547] Built FourRow.Grams.G070 (92s)
✔ [3315/3547] Built FourRow.CensusTableChecks.Action11 (35s)
✔ [3316/3547] Built FourRow.Orientations (465s)
✔ [3317/3547] Built FourRow.Grams.G006 (97s)
✔ [3318/3547] Built FourRow.CensusTableChecks.Action12 (30s)
✔ [3319/3547] Built FourRow.CensusTableChecks.Action13 (23s)
✔ [3320/3547] Built FourRow.Grams.G071 (88s)
✔ [3321/3547] Built FourRow.CensusTableChecks.Action14 (24s)
✔ [3322/3547] Built FourRow.Grams.G007 (76s)
✔ [3323/3547] Built FourRow.CensusTableChecks.Action15 (22s)
✔ [3324/3547] Built FourRow.CensusTableChecks.Action16 (20s)
✔ [3325/3547] Built FourRow.Grams.G072 (72s)
✔ [3326/3547] Built FourRow.CensusTableChecks.Action17 (25s)
✔ [3327/3547] Built FourRow.CensusTableChecks.Action18 (23s)
✔ [3328/3547] Built FourRow.Grams.G008 (74s)
✔ [3329/3547] Built FourRow.CensusTableChecks.Action19 (21s)
✔ [3330/3547] Built FourRow.Grams.G073 (72s)
✔ [3331/3547] Built FourRow.CensusTableChecks.Action20 (24s)
✔ [3332/3547] Built FourRow.CensusTableChecks.Action21 (23s)
✔ [3333/3547] Built FourRow.Grams.G009 (74s)
✔ [3334/3547] Built FourRow.CensusTableChecks.Action22 (19s)
✔ [3335/3547] Built FourRow.Grams.G074 (74s)
✔ [3336/3547] Built FourRow.CensusTableChecks.Action23 (22s)
✔ [3337/3547] Built FourRow.CensusTableChecks.Primitive00 (9.0s)
✔ [3338/3547] Built FourRow.CensusTableChecks.Primitive01 (8.0s)
✔ [3339/3547] Built FourRow.CensusTableChecks.Primitive02 (8.5s)
✔ [3340/3547] Built FourRow.CensusTableChecks.Primitive03 (8.3s)
✔ [3341/3547] Built FourRow.CensusTableChecks.Primitive04 (5.9s)
✔ [3342/3547] Built FourRow.Grams.G010 (75s)
✔ [3343/3547] Built FourRow.CensusTableChecks.Primitive05 (5.9s)
✔ [3344/3547] Built FourRow.CensusTableChecks.Primitive06 (8.2s)
✔ [3345/3547] Built FourRow.CensusTableChecks.Primitive07 (8.3s)
✔ [3346/3547] Built FourRow.Grams.G075 (75s)
✔ [3347/3547] Built FourRow.CensusTableChecks.Primitive08 (8.1s)
✔ [3348/3547] Built FourRow.CensusTableChecks.Primitive09 (6.4s)
✔ [3349/3547] Built FourRow.CensusTables (8.3s)
✔ [3350/3547] Built FourRow.CensusWitness (8.1s)
✔ [3351/3547] Built FourRow.CertificateTransfer (8.9s)
✔ [3352/3547] Built FourRow.Grams.G011 (79s)
✔ [3353/3547] Built FourRow.CensusData.Max00 (59s)
✔ [3354/3547] Built FourRow.Grams.G076 (79s)
✔ [3355/3547] Built FourRow.Grams.G012 (78s)
✔ [3356/3547] Built FourRow.CensusData.Max01 (62s)
✔ [3357/3547] Built FourRow.Grams.G077 (75s)
✔ [3358/3547] Built FourRow.CensusData.Max02 (68s)
✔ [3359/3547] Built FourRow.Grams.G013 (80s)
✔ [3360/3547] Built FourRow.Grams.G078 (76s)
✔ [3361/3547] Built FourRow.CensusData.Max03 (74s)
✔ [3362/3547] Built FourRow.Grams.G014 (78s)
✔ [3363/3547] Built FourRow.Grams.G079 (79s)
✔ [3364/3547] Built FourRow.CensusData.Max04 (62s)
✔ [3365/3547] Built FourRow.Grams.G015 (78s)
✔ [3366/3547] Built FourRow.Grams.G080 (76s)
✔ [3367/3547] Built FourRow.CensusData.Max05 (65s)
✔ [3368/3547] Built FourRow.Grams.G016 (80s)
✔ [3369/3547] Built FourRow.Grams.G081 (75s)
✔ [3370/3547] Built FourRow.CensusData.Max06 (56s)
✔ [3371/3547] Built FourRow.Grams.G017 (77s)
✔ [3372/3547] Built FourRow.CensusData.Max07 (62s)
✔ [3373/3547] Built FourRow.Grams.G082 (75s)
✔ [3374/3547] Built FourRow.CensusData.Max08 (68s)
✔ [3375/3547] Built FourRow.Grams.G018 (75s)
✔ [3376/3547] Built FourRow.Grams.G083 (76s)
✔ [3377/3547] Built FourRow.CensusData.Max09 (84s)
✔ [3378/3547] Built FourRow.Grams.G019 (82s)
✔ [3379/3547] Built FourRow.Grams.G084 (80s)
✔ [3380/3547] Built FourRow.CensusData.Max10 (72s)
✔ [3381/3547] Built FourRow.Grams.G020 (80s)
✔ [3382/3547] Built FourRow.Grams.G085 (78s)
✔ [3383/3547] Built FourRow.CensusData.Max11 (94s)
✔ [3384/3547] Built FourRow.Grams.G021 (84s)
✔ [3385/3547] Built FourRow.Grams.G086 (80s)
✔ [3386/3547] Built FourRow.CensusData.Max12 (78s)
✔ [3387/3547] Built FourRow.Grams.G087 (78s)
✔ [3388/3547] Built FourRow.Grams.G022 (81s)
✔ [3389/3547] Built FourRow.CensusData.Max13 (79s)
✔ [3390/3547] Built FourRow.Grams.G023 (80s)
✔ [3391/3547] Built FourRow.Grams.G088 (81s)
✔ [3392/3547] Built FourRow.Grams.G089 (82s)
✔ [3393/3547] Built FourRow.Grams.G024 (83s)
✔ [3394/3547] Built FourRow.CensusData.Max14 (87s)
✔ [3395/3547] Built FourRow.CensusData.Max15 (80s)
✔ [3396/3547] Built FourRow.Grams.G025 (80s)
✔ [3397/3547] Built FourRow.Grams.G090 (82s)
✔ [3398/3547] Built FourRow.CensusData.Max16 (80s)
✔ [3399/3547] Built FourRow.Grams.G091 (79s)
✔ [3400/3547] Built FourRow.Grams.G026 (81s)
✔ [3401/3547] Built FourRow.CensusData.Max17 (79s)
✔ [3402/3547] Built FourRow.Grams.G092 (79s)
✔ [3403/3547] Built FourRow.Grams.G027 (81s)
✔ [3404/3547] Built FourRow.CensusData.Max18 (85s)
✔ [3405/3547] Built FourRow.Grams.G093 (87s)
✔ [3406/3547] Built FourRow.Grams.G028 (86s)
✔ [3407/3547] Built FourRow.CensusData.Max19 (87s)
✔ [3408/3547] Built FourRow.Grams.G029 (85s)
✔ [3409/3547] Built FourRow.Grams.G094 (88s)
✔ [3410/3547] Built FourRow.CensusData.Max20 (81s)
✔ [3411/3547] Built FourRow.Grams.G030 (82s)
✔ [3412/3547] Built FourRow.Grams.G095 (82s)
✔ [3413/3547] Built FourRow.CensusData.Max21 (81s)
✔ [3414/3547] Built FourRow.Grams.G096 (76s)
✔ [3415/3547] Built FourRow.Grams.G031 (80s)
✔ [3416/3547] Built FourRow.CensusData.Max22 (76s)
✔ [3417/3547] Built FourRow.Grams.G032 (79s)
✔ [3418/3547] Built FourRow.Grams.G097 (81s)
✔ [3419/3547] Built FourRow.CensusData.Max23 (84s)
✔ [3420/3547] Built FourRow.Grams.G033 (82s)
✔ [3421/3547] Built FourRow.Grams.G098 (82s)
✔ [3422/3547] Built FourRow.CensusData.Max24 (76s)
✔ [3423/3547] Built FourRow.Grams.G099 (77s)
✔ [3424/3547] Built FourRow.Grams.G034 (78s)
✔ [3425/3547] Built FourRow.CensusData.Max25 (84s)
✔ [3426/3547] Built FourRow.Grams.G100 (79s)
✔ [3427/3547] Built FourRow.Grams.G035 (78s)
✔ [3428/3547] Built FourRow.CensusData.Max26 (74s)
✔ [3429/3547] Built FourRow.Grams.G101 (76s)
✔ [3430/3547] Built FourRow.Grams.G036 (78s)
✔ [3431/3547] Built FourRow.CensusData.Max27 (75s)
✔ [3432/3547] Built FourRow.Grams.G102 (78s)
✔ [3433/3547] Built FourRow.Grams.G037 (77s)
✔ [3434/3547] Built FourRow.CensusData.Max28 (82s)
✔ [3435/3547] Built FourRow.Grams.G103 (79s)
✔ [3436/3547] Built FourRow.Grams.G038 (79s)
✔ [3437/3547] Built FourRow.CensusData.Max29 (82s)
✔ [3438/3547] Built FourRow.Grams.G039 (80s)
✔ [3439/3547] Built FourRow.Grams.G104 (81s)
✔ [3440/3547] Built FourRow.CensusData.Max30 (77s)
✔ [3441/3547] Built FourRow.Grams.G040 (75s)
✔ [3442/3547] Built FourRow.Grams.G105 (77s)
✔ [3443/3547] Built FourRow.CensusData.Max31 (78s)
✔ [3444/3547] Built FourRow.Grams.G106 (78s)
✔ [3445/3547] Built FourRow.Grams.G041 (81s)
✔ [3446/3547] Built FourRow.CensusData.Max32 (73s)
✔ [3447/3547] Built FourRow.Grams.G042 (78s)
✔ [3448/3547] Built FourRow.Grams.G107 (79s)
✔ [3449/3547] Built FourRow.CensusData.Max33 (84s)
✔ [3450/3547] Built FourRow.Grams.G108 (79s)
✔ [3451/3547] Built FourRow.Grams.G043 (81s)
✔ [3452/3547] Built FourRow.CensusData.Max34 (82s)
✔ [3453/3547] Built FourRow.Grams.G044 (80s)
✔ [3454/3547] Built FourRow.Grams.G109 (82s)
✔ [3455/3547] Built FourRow.Grams.G045 (79s)
✔ [3456/3547] Built FourRow.CensusData.Max35 (82s)
✔ [3457/3547] Built FourRow.Grams.G110 (79s)
✔ [3458/3547] Built FourRow.CensusData.Max36 (74s)
✔ [3459/3547] Built FourRow.Grams.G111 (77s)
✔ [3460/3547] Built FourRow.Grams.G046 (79s)
✔ [3461/3547] Built FourRow.CensusData.Max37 (78s)
✔ [3462/3547] Built FourRow.Grams.G047 (77s)
✔ [3463/3547] Built FourRow.Grams.G112 (77s)
✔ [3464/3547] Built FourRow.CensusData.Max38 (78s)
✔ [3465/3547] Built FourRow.Grams.G048 (76s)
✔ [3466/3547] Built FourRow.Grams.G113 (78s)
✔ [3467/3547] Built FourRow.CensusData.Max39 (78s)
✔ [3468/3547] Built FourRow.Grams.G049 (79s)
✔ [3469/3547] Built FourRow.Grams.G114 (77s)
✔ [3470/3547] Built FourRow.CensusData.Max40 (10s)
✔ [3471/3547] Built FourRow.Grams.G050 (92s)
✔ [3472/3547] Built FourRow.Grams.G115 (94s)
✔ [3473/3547] Built FourRow.Grams.G051 (74s)
✔ [3474/3547] Built FourRow.Grams.G116 (74s)
✔ [3475/3547] Built FourRow.Grams.G052 (73s)
✔ [3476/3547] Built FourRow.Grams.G117 (71s)
✔ [3477/3547] Built FourRow.CensusIndependence (235s)
✔ [3478/3547] Built FourRow.CensusData.Extension00 (68s)
✔ [3479/3547] Built FourRow.Grams.G053 (77s)
✔ [3480/3547] Built FourRow.Grams.G118 (78s)
✔ [3481/3547] Built FourRow.CensusData.Extension01 (71s)
✔ [3482/3547] Built FourRow.Grams.G119 (76s)
✔ [3483/3547] Built FourRow.Grams.G054 (79s)
✔ [3484/3547] Built FourRow.CensusData.Extension02 (68s)
✔ [3485/3547] Built FourRow.Grams.G120 (77s)
✔ [3486/3547] Built FourRow.Grams.G055 (80s)
✔ [3487/3547] Built FourRow.CensusData.Extension03 (56s)
✔ [3488/3547] Built FourRow.Grams.G121 (77s)
✔ [3489/3547] Built FourRow.Grams.G056 (76s)
✔ [3490/3547] Built FourRow.CensusData.Extension04 (50s)
✔ [3491/3547] Built FourRow.CensusData.Extension05 (62s)
✔ [3492/3547] Built FourRow.Grams.G057 (75s)
✔ [3493/3547] Built FourRow.Grams.G122 (79s)
✔ [3494/3547] Built FourRow.CensusData.Extension06 (67s)
✔ [3495/3547] Built FourRow.Grams.G058 (78s)
✔ [3496/3547] Built FourRow.Grams.G123 (79s)
✔ [3497/3547] Built FourRow.CensusData.Extension07 (60s)
✔ [3498/3547] Built FourRow.Grams.G124 (75s)
✔ [3499/3547] Built FourRow.Grams.G059 (77s)
✔ [3500/3547] Built FourRow.CensusData.Extension08 (52s)
✔ [3501/3547] Built FourRow.CensusData.Extension09 (57s)
✔ [3502/3547] Built FourRow.Grams.G125 (75s)
✔ [3503/3547] Built FourRow.Grams.G060 (76s)
✔ [3504/3547] Built FourRow.CensusData.Extension10 (67s)
✔ [3505/3547] Built FourRow.Grams.G126 (77s)
✔ [3506/3547] Built FourRow.Grams.G061 (80s)
✔ [3507/3547] Built FourRow.CensusData.Extension11 (63s)
✔ [3508/3547] Built FourRow.Grams.G127 (77s)
✔ [3509/3547] Built FourRow.Grams.G062 (77s)
✔ [3510/3547] Built FourRow.CensusData.Extension12 (51s)
✔ [3511/3547] Built FourRow.Grams.G128 (73s)
✔ [3512/3547] Built FourRow.CensusData.Extension13 (56s)
✔ [3513/3547] Built FourRow.Grams.G063 (78s)
✔ [3514/3547] Built FourRow.CensusData.Extension14 (60s)
✔ [3515/3547] Built FourRow.Grams.G129 (77s)
✔ [3516/3547] Built FourRow.Grams.G064 (75s)
✔ [3517/3547] Built FourRow.CensusData.Extension15 (42s)
✔ [3518/3547] Built FourRow.Grams.G130 (45s)
✔ [3519/3547] Built FourRow.CensusData.Extension16 (27s)
✔ [3520/3547] Built FourRow.CensusData.Extension17 (27s)
✔ [3521/3547] Built FourRow.CensusData.Extension18 (24s)
✔ [3522/3547] Built FourRow.CensusData.Extension19 (25s)
✔ [3523/3547] Built FourRow.CensusData.Extension20 (25s)
✔ [3524/3547] Built FourRow.CensusData.Extension21 (26s)
✔ [3525/3547] Built FourRow.CensusData.Extension22 (25s)
✔ [3526/3547] Built FourRow.CensusData.Extension23 (26s)
✔ [3527/3547] Built FourRow.CensusData.Extension24 (26s)
✔ [3528/3547] Built FourRow.CensusData.Extension25 (25s)
✔ [3529/3547] Built FourRow.Grams (261s)
✔ [3530/3547] Built FourRow.CensusData.Extension26 (21s)
✔ [3531/3547] Built FourRow.CensusData.Extension27 (16s)
✔ [3532/3547] Built FourRow.CensusData.Extension28 (16s)
✔ [3533/3547] Built FourRow.CensusData.Extension29 (17s)
✔ [3534/3547] Built FourRow.CensusData.Extension30 (13s)
✔ [3535/3547] Built FourRow.CensusData.Extension31 (13s)
✔ [3536/3547] Built FourRow.CensusData.Extension32 (13s)
✔ [3537/3547] Built FourRow.CensusData.Extension33 (13s)
✔ [3538/3547] Built FourRow.CensusData.Extension34 (14s)
✔ [3539/3547] Built FourRow.CensusData.Extension35 (13s)
✔ [3540/3547] Built FourRow.CensusData.Extension36 (13s)
✔ [3541/3547] Built FourRow.CensusData.Extension37 (14s)
✔ [3542/3547] Built FourRow.CensusData.Extension38 (15s)
✔ [3543/3547] Built FourRow.CensusData.Extension39 (15s)
✔ [3544/3547] Built FourRow.CensusCoverage (3.8s)
✔ [3545/3547] Built FourRow.EndpointTheorem (1.7s)
✔ [3546/3547] Built FourRowSolution (2.1s)
Build completed successfully (3547 jobs).
