✔ [3128/3165] Built FourRow.CensusTableChecks.Action02 (6.0s)
✔ [3130/3166] Built FourRow.CensusTableChecks.Action03 (6.6s)
✔ [3133/3167] Built FourRow.CensusTableChecks.Action04 (6.2s)
✔ [3136/3168] Built FourRow.CensusTableChecks.Action05 (6.3s)
✔ [3138/3168] Built FourRow.CensusTableChecks.Action06 (6.2s)
✔ [3140/3171] Built FourRow.CensusTableChecks.Action07 (6.2s)
✔ [3142/3172] Built FourRow.CensusTableChecks.Action08 (6.2s)
✔ [3145/3174] Built FourRow.CensusTableChecks.Action09 (6.2s)
✔ [3147/3175] Built FourRow.CensusTableChecks.Action10 (6.1s)
✔ [3149/3179] Built FourRow.CensusTableChecks.Action11 (6.7s)
✔ [3152/3418] Built FourRow.CensusTableChecks.Action12 (6.3s)
✔ [3154/3418] Built FourRow.CensusTableChecks.Action13 (6.2s)
⚠ [3158/3418] Replayed FourRow.Census
warning: FourRow/Census.lean:72:0: automatically included section variable(s) unused in theorem `FourRow.Census.integer_left_inverse`:
  [DecidableEq κ]
consider restructuring your `variable` declarations so that the variables are not in scope or explicitly omit them:
  omit [DecidableEq κ] in theorem ...

Note: This linter can be disabled with `set_option linter.unusedSectionVars false`
✔ [3164/3419] Built FourRow.CensusTableChecks.Action14 (6.1s)
✔ [3171/3419] Built FourRow.CensusTableChecks.Action15 (6.1s)
✔ [3176/3419] Built FourRow.CensusTableChecks.Action16 (6.2s)
✔ [3177/3419] Built FourRow.Grams.G067 (13s)
✔ [3179/3419] Built FourRow.Grams.G002 (13s)
✔ [3180/3419] Built FourRow.CensusTableChecks.Action17 (6.2s)
✔ [3182/3419] Built FourRow.Grams.G068 (13s)
✔ [3183/3419] Built FourRow.Grams.G003 (13s)
✔ [3184/3419] Built FourRow.CensusTableChecks.Action18 (6.2s)
✔ [3186/3419] Built FourRow.Grams.G069 (13s)
✔ [3187/3419] Built FourRow.Grams.G004 (13s)
✔ [3188/3419] Built FourRow.CensusTableChecks.Action19 (6.3s)
✔ [3192/3419] Built FourRow.Grams.G070 (13s)
✔ [3193/3419] Built FourRow.Grams.G005 (13s)
✔ [3194/3423] Built FourRow.CensusTableChecks.Action20 (6.2s)
✔ [3196/3423] Built FourRow.Grams.G071 (13s)
✔ [3197/3423] Built FourRow.Grams.G006 (13s)
✔ [3198/3423] Built FourRow.CensusTableChecks.Action21 (6.3s)
✔ [3203/3425] Built FourRow.Grams.G072 (13s)
✔ [3204/3425] Built FourRow.Grams.G007 (13s)
✔ [3205/3428] Built FourRow.CensusTableChecks.Action22 (6.4s)
✔ [3208/3428] Built FourRow.Grams.G073 (14s)
✔ [3210/3430] Built FourRow.Grams.G008 (13s)
✔ [3211/3431] Built FourRow.CensusTableChecks.Action23 (6.2s)
✔ [3214/3431] Built FourRow.Grams.G074 (13s)
✔ [3216/3431] Built FourRow.Grams.G009 (13s)
✔ [3217/3434] Built FourRow.CensusTableChecks.Primitive00 (2.7s)
✔ [3220/3434] Built FourRow.Grams.G075 (13s)
✔ [3221/3434] Built FourRow.Grams.G010 (13s)
✔ [3222/3434] Built FourRow.CensusTableChecks.Primitive01 (2.7s)
✔ [3225/3434] Built FourRow.Grams.G076 (13s)
✔ [3226/3434] Built FourRow.Grams.G011 (13s)
✔ [3227/3434] Built FourRow.CensusTableChecks.Primitive02 (2.7s)
✔ [3230/3434] Built FourRow.Grams.G077 (13s)
✔ [3231/3434] Built FourRow.Grams.G012 (13s)
✔ [3232/3434] Built FourRow.CensusTableChecks.Primitive03 (2.7s)
✔ [3234/3434] Built FourRow.Grams.G078 (13s)
✔ [3235/3436] Built FourRow.Grams.G013 (13s)
✔ [3236/3436] Built FourRow.CensusTableChecks.Primitive04 (2.7s)
✔ [3238/3436] Built FourRow.Grams.G079 (13s)
✔ [3240/3436] Built FourRow.Grams.G014 (13s)
✔ [3241/3440] Built FourRow.CensusTableChecks.Primitive05 (2.7s)
✔ [3242/3440] Built FourRow.Grams.G080 (13s)
✔ [3244/3440] Built FourRow.Grams.G015 (13s)
✔ [3245/3440] Built FourRow.CensusTableChecks.Primitive06 (2.7s)
✔ [3247/3440] Built FourRow.Grams.G081 (13s)
✔ [3248/3440] Built FourRow.Grams.G016 (13s)
✔ [3249/3443] Built FourRow.CensusTableChecks.Primitive07 (2.6s)
✔ [3251/3443] Built FourRow.Grams.G082 (13s)
✔ [3252/3446] Built FourRow.Grams.G017 (13s)
✔ [3253/3449] Built FourRow.CensusTableChecks.Primitive08 (2.7s)
✔ [3256/3449] Built FourRow.Grams.G083 (13s)
✔ [3257/3449] Built FourRow.Grams.G018 (13s)
✔ [3259/3451] Built FourRow.CensusTableChecks.Primitive09 (2.1s)
✔ [3263/3451] Built FourRow.Grams.G084 (13s)
✔ [3264/3451] Built FourRow.Grams.G019 (14s)
✔ [3265/3453] Built FourRow.CensusTables (2.1s)
✔ [3267/3453] Built FourRow.Grams.G085 (13s)
✔ [3268/3453] Built FourRow.Grams.G020 (13s)
✔ [3269/3453] Built FourRow.CensusWitness (2.0s)
✔ [3270/3453] Built FourRow.CensusData.Max00 (14s)
✔ [3271/3454] Built FourRow.CertificateTransfer (2.1s)
✔ [3274/3454] Built FourRow.Grams.G086 (14s)
✔ [3275/3454] Built FourRow.Grams.G021 (13s)
✔ [3276/3454] Built FourRow.CensusData.Max01 (14s)
✔ [3280/3454] Built FourRow.Grams.G087 (13s)
✔ [3281/3454] Built FourRow.Grams.G022 (13s)
✔ [3282/3454] Built FourRow.CensusData.Max02 (14s)
✔ [3285/3454] Built FourRow.Grams.G088 (14s)
✔ [3286/3454] Built FourRow.Grams.G023 (13s)
✔ [3287/3454] Built FourRow.CensusData.Max03 (14s)
✔ [3289/3454] Built FourRow.Grams.G089 (13s)
✔ [3290/3454] Built FourRow.Grams.G024 (13s)
✔ [3291/3454] Built FourRow.CensusData.Max04 (14s)
✔ [3293/3454] Built FourRow.Grams.G090 (13s)
✔ [3294/3454] Built FourRow.Grams.G025 (13s)
✔ [3295/3454] Built FourRow.CensusData.Max05 (14s)
✔ [3296/3460] Built FourRow.Grams.G091 (13s)
✔ [3297/3460] Built FourRow.Grams.G026 (13s)
✔ [3298/3460] Built FourRow.CensusData.Max06 (14s)
✔ [3300/3463] Built FourRow.Grams.G092 (13s)
✔ [3301/3463] Built FourRow.Grams.G027 (13s)
✔ [3302/3464] Built FourRow.CensusData.Max07 (14s)
✔ [3304/3466] Built FourRow.Grams.G093 (13s)
✔ [3305/3466] Built FourRow.Grams.G028 (13s)
✔ [3306/3466] Built FourRow.CensusData.Max08 (14s)
✔ [3308/3466] Built FourRow.Grams.G094 (13s)
✔ [3309/3466] Built FourRow.Grams.G029 (13s)
✔ [3311/3468] Built FourRow.CensusData.Max09 (13s)
✔ [3312/3468] Built FourRow.Grams.G095 (13s)
✔ [3313/3469] Built FourRow.Grams.G030 (13s)
✔ [3315/3469] Built FourRow.CensusData.Max10 (14s)
✔ [3317/3470] Built FourRow.Grams.G096 (13s)
✔ [3318/3470] Built FourRow.Grams.G031 (13s)
✔ [3321/3470] Built FourRow.CensusData.Max11 (14s)
✔ [3322/3471] Built FourRow.Grams.G097 (13s)
✔ [3323/3471] Built FourRow.Grams.G032 (13s)
✔ [3325/3471] Built FourRow.CensusData.Max12 (14s)
✔ [3326/3471] Built FourRow.Grams.G098 (13s)
✔ [3328/3471] Built FourRow.Grams.G033 (13s)
✔ [3330/3473] Built FourRow.CensusData.Max13 (14s)
✔ [3331/3473] Built FourRow.Grams.G099 (13s)
✔ [3332/3473] Built FourRow.Grams.G034 (13s)
✔ [3335/3473] Built FourRow.CensusData.Max14 (14s)
✔ [3337/3473] Built FourRow.Grams.G100 (13s)
✔ [3338/3478] Built FourRow.Grams.G035 (13s)
✔ [3342/3478] Built FourRow.CensusData.Max15 (14s)
✔ [3343/3478] Built FourRow.Grams.G101 (13s)
✔ [3344/3478] Built FourRow.Grams.G036 (13s)
✔ [3348/3478] Built FourRow.CensusData.Max16 (14s)
✔ [3349/3480] Built FourRow.Grams.G102 (13s)
✔ [3350/3480] Built FourRow.Grams.G037 (13s)
✔ [3352/3480] Built FourRow.CensusData.Max17 (14s)
✔ [3354/3486] Built FourRow.Grams.G103 (13s)
✔ [3355/3486] Built FourRow.Grams.G038 (13s)
✔ [3357/3486] Built FourRow.CensusData.Max18 (14s)
✔ [3360/3487] Built FourRow.Grams.G104 (13s)
✔ [3361/3487] Built FourRow.Grams.G039 (13s)
✔ [3363/3487] Built FourRow.CensusData.Max19 (14s)
✔ [3365/3487] Built FourRow.Grams.G105 (13s)
✔ [3367/3491] Built FourRow.Grams.G040 (13s)
✔ [3369/3491] Built FourRow.CensusData.Max20 (14s)
✔ [3371/3491] Built FourRow.Grams.G106 (14s)
✔ [3373/3494] Built FourRow.Grams.G041 (13s)
✔ [3375/3495] Built FourRow.CensusData.Max21 (14s)
✔ [3378/3495] Built FourRow.Grams.G107 (13s)
✔ [3379/3495] Built FourRow.Grams.G042 (13s)
✔ [3381/3495] Built FourRow.CensusData.Max22 (14s)
✔ [3385/3495] Built FourRow.Grams.G108 (13s)
✔ [3386/3497] Built FourRow.Grams.G043 (13s)
✔ [3387/3497] Built FourRow.CensusData.Max23 (15s)
✔ [3389/3497] Built FourRow.Grams.G109 (13s)
✔ [3390/3497] Built FourRow.Grams.G044 (13s)
✔ [3392/3497] Built FourRow.CensusData.Max24 (14s)
✔ [3394/3497] Built FourRow.Grams.G110 (13s)
✔ [3395/3498] Built FourRow.Grams.G045 (13s)
✔ [3397/3498] Built FourRow.CensusData.Max25 (14s)
✔ [3399/3498] Built FourRow.Grams.G111 (13s)
✔ [3400/3502] Built FourRow.Grams.G046 (14s)
✔ [3402/3502] Built FourRow.CensusData.Max26 (14s)
✔ [3403/3502] Built FourRow.Grams.G112 (13s)
✔ [3404/3502] Built FourRow.Grams.G047 (13s)
✔ [3406/3502] Built FourRow.CensusData.Max27 (14s)
✔ [3407/3502] Built FourRow.Grams.G113 (13s)
✔ [3408/3504] Built FourRow.Grams.G048 (13s)
✔ [3410/3504] Built FourRow.CensusData.Max28 (14s)
✔ [3411/3504] Built FourRow.Grams.G114 (13s)
✔ [3412/3504] Built FourRow.Grams.G049 (13s)
✔ [3415/3504] Built FourRow.CensusData.Max29 (14s)
✔ [3416/3504] Built FourRow.Grams.G115 (13s)
✔ [3417/3504] Built FourRow.Grams.G050 (13s)
✔ [3420/3504] Built FourRow.CensusData.Max30 (14s)
✔ [3421/3506] Built FourRow.Grams.G116 (13s)
✔ [3422/3509] Built FourRow.Grams.G051 (13s)
✔ [3423/3509] Built FourRow.CensusData.Max31 (14s)
✔ [3424/3509] Built FourRow.Grams.G117 (14s)
✔ [3426/3509] Built FourRow.Grams.G052 (13s)
✔ [3428/3509] Built FourRow.CensusData.Max32 (14s)
✔ [3429/3509] Built FourRow.Grams.G118 (13s)
✔ [3431/3511] Built FourRow.Grams.G053 (13s)
✔ [3432/3513] Built FourRow.CensusData.Max33 (15s)
✔ [3434/3513] Built FourRow.Grams.G119 (13s)
✔ [3435/3515] Built FourRow.Grams.G054 (14s)
✔ [3437/3515] Built FourRow.CensusData.Max34 (14s)
✔ [3440/3516] Built FourRow.Grams.G120 (13s)
✔ [3441/3516] Built FourRow.Grams.G055 (13s)
✔ [3443/3516] Built FourRow.CensusData.Max35 (14s)
✔ [3445/3517] Built FourRow.Grams.G121 (13s)
✔ [3446/3520] Built FourRow.Grams.G056 (13s)
✔ [3448/3520] Built FourRow.CensusData.Max36 (14s)
✔ [3449/3520] Built FourRow.Grams.G122 (13s)
✔ [3451/3520] Built FourRow.Grams.G057 (13s)
✔ [3455/3520] Built FourRow.CensusData.Max37 (14s)
✔ [3456/3520] Built FourRow.Grams.G123 (14s)
✔ [3457/3521] Built FourRow.Grams.G058 (13s)
✔ [3459/3521] Built FourRow.CensusData.Max38 (13s)
✔ [3460/3521] Built FourRow.Grams.G124 (12s)
✔ [3461/3521] Built FourRow.Grams.G059 (12s)
✔ [3464/3521] Built FourRow.CensusData.Max39 (14s)
✔ [3465/3527] Built FourRow.Grams.G125 (12s)
✔ [3466/3527] Built FourRow.Grams.G060 (12s)
✔ [3467/3528] Built FourRow.CensusData.Max40 (2.6s)
✔ [3468/3528] Built FourRow.Grams.G126 (12s)
✔ [3470/3528] Built FourRow.Grams.G061 (12s)
✔ [3471/3528] Built FourRow.CensusIndependence (37s)
✔ [3474/3528] Built FourRow.Grams.G127 (12s)
✔ [3475/3528] Built FourRow.Grams.G062 (12s)
✔ [3476/3528] Built FourRow.CensusData.Extension00 (13s)
✔ [3478/3528] Built FourRow.Grams.G128 (12s)
✔ [3479/3528] Built FourRow.Grams.G063 (12s)
✔ [3480/3528] Built FourRow.CensusData.Extension01 (13s)
✔ [3482/3528] Built FourRow.Grams.G129 (12s)
✔ [3483/3528] Built FourRow.Grams.G064 (12s)
✔ [3484/3528] Built FourRow.CensusData.Extension02 (12s)
✔ [3486/3536] Built FourRow.Grams.G130 (12s)
✔ [3487/3536] Built FourRow.CensusData.Extension03 (13s)
✔ [3489/3536] Built FourRow.Grams (87s)
✔ [3491/3549] Built FourRow.CensusData.Extension04 (12s)
✔ [3496/3551] Built FourRow.CensusData.Extension05 (12s)
⚠ [3499/3551] Replayed FourRowChallenge
warning: FourRowChallenge.lean:156:8: declaration uses `sorry`
warning: FourRowChallenge.lean:160:8: declaration uses `sorry`
warning: FourRowChallenge.lean:165:8: declaration uses `sorry`
warning: FourRowChallenge.lean:170:8: declaration uses `sorry`
warning: FourRowChallenge.lean:176:8: declaration uses `sorry`
warning: FourRowChallenge.lean:181:8: declaration uses `sorry`
warning: FourRowChallenge.lean:186:8: declaration uses `sorry`
warning: FourRowChallenge.lean:191:8: declaration uses `sorry`
warning: FourRowChallenge.lean:196:8: declaration uses `sorry`
warning: FourRowChallenge.lean:201:8: declaration uses `sorry`
warning: FourRowChallenge.lean:206:8: declaration uses `sorry`
warning: FourRowChallenge.lean:212:8: declaration uses `sorry`
warning: FourRowChallenge.lean:217:8: declaration uses `sorry`
warning: FourRowChallenge.lean:222:8: declaration uses `sorry`
warning: FourRowChallenge.lean:229:8: declaration uses `sorry`
warning: FourRowChallenge.lean:233:8: declaration uses `sorry`
✔ [3501/3551] Built FourRow.CensusData.Extension06 (13s)
✔ [3503/3551] Built FourRow.CensusData.Extension07 (12s)
✔ [3506/3551] Built FourRow.CensusData.Extension08 (12s)
✔ [3508/3551] Built FourRow.CensusData.Extension09 (11s)
✔ [3510/3551] Built FourRow.CensusData.Extension10 (11s)
✔ [3512/3551] Built FourRow.CensusData.Extension11 (11s)
✔ [3518/3551] Built FourRow.CensusData.Extension12 (11s)
✔ [3519/3551] Built FourRow.CensusData.Extension13 (12s)
✔ [3520/3551] Built FourRow.CensusData.Extension14 (11s)
✔ [3521/3551] Built FourRow.CensusData.Extension15 (11s)
✔ [3522/3551] Built FourRow.CensusData.Extension16 (11s)
✔ [3523/3551] Built FourRow.CensusData.Extension17 (12s)
✔ [3524/3551] Built FourRow.CensusData.Extension18 (10s)
✔ [3525/3551] Built FourRow.CensusData.Extension19 (10s)
✔ [3526/3551] Built FourRow.CensusData.Extension20 (11s)
✔ [3527/3551] Built FourRow.CensusData.Extension21 (11s)
✔ [3528/3551] Built FourRow.CensusData.Extension22 (11s)
✔ [3529/3551] Built FourRow.CensusData.Extension23 (11s)
✔ [3530/3551] Built FourRow.CensusData.Extension24 (11s)
✔ [3531/3551] Built FourRow.CensusData.Extension25 (10s)
✔ [3532/3551] Built FourRow.CensusData.Extension26 (11s)
✔ [3533/3551] Built FourRow.CensusData.Extension27 (11s)
✔ [3534/3551] Built FourRow.CensusData.Extension28 (11s)
✔ [3535/3551] Built FourRow.CensusData.Extension29 (11s)
✔ [3536/3551] Built FourRow.CensusData.Extension30 (9.0s)
✔ [3537/3551] Built FourRow.CensusData.Extension31 (9.4s)
✔ [3538/3551] Built FourRow.CensusData.Extension32 (9.4s)
✔ [3539/3551] Built FourRow.CensusData.Extension33 (9.4s)
✔ [3540/3551] Built FourRow.CensusData.Extension34 (9.5s)
✔ [3541/3551] Built FourRow.CensusData.Extension35 (9.3s)
✔ [3542/3551] Built FourRow.CensusData.Extension36 (9.4s)
✔ [3543/3551] Built FourRow.CensusData.Extension37 (9.8s)
✔ [3544/3551] Built FourRow.CensusData.Extension38 (10s)
✔ [3545/3551] Built FourRow.CensusData.Extension39 (10s)
✔ [3546/3551] Built FourRow.CensusCoverage (2.9s)
✔ [3547/3551] Built FourRow.EndpointTheorem (1.0s)
✔ [3548/3551] Built FourRowSolution (2.1s)
✔ [3550/3551] Built FourRow (1.9s)
Build completed successfully (3551 jobs).
